CC8E Version 1.3B,   File: uyg8.c               9. Dec 2010   4:00   Page 1

ADDR   CODE       LINE  SOURCE

                  00001 
                  00002 ; CC8E Version 1.3B, Copyright (c) B Knudsen Data
                  00003 ; C compiler for the PIC18 microcontrollers
                  00004 ; ************   9. Dec 2010   4:00  *************
                  00005 
                  00006 	processor  PIC18F452
                  00007 	radix  DEC
                  00008 
300000 F1FF       00009 	__config 0x300001, 0xF1
                  00010 	__config 0x300002, 0xF8
300002 FEF8       00011 	__config 0x300003, 0xFE
                  00012 
       0F95       00013 TRISD       EQU   0xF95
       0F93       00014 TRISB       EQU   0xF93
       0F83       00015 PORTD       EQU   0xF83
       0F81       00016 PORTB       EQU   0xF81
       0007       00017 GIE         EQU   7
       0000       00018 t           EQU   0x00
       0002       00019 x           EQU   0x02
                  00020 
000000 EF02 F000  00021 	GOTO main
                  00022 
                  00023   ; FILE uyg8.c
                  00024 			;#pragma config[1] = 0xF1 // Osilatör: XT
                  00025 			;#pragma config[2] = 0xFE & 0xF9 // PWRT açýk, BOR kapalý
                  00026 			;#pragma config[3] = 0xFE // Watchdog Timer kapalý
                  00027 			;
                  00028 			;void ayarlar();
                  00029 			;void bekle(unsigned long t);	// t milisaniye gecikme saðlayan fonksiyon tanýmý
                  00030 			;
                  00031 			;
                  00032 			;void main()
                  00033 			;{
                  00034 main
                  00035 			;	ayarlar();
000004 D809       00036 	RCALL ayarlar
                  00037 			;
                  00038 			;//-----------------------------------------------	
                  00039 			;anadongu:
                  00040 			;
                  00041 			; 	bekle(1);	// Acquisition Time(Sample & Hold kapasitörünün þarj olmasý için gerekli zaman)
000006 0E01       00042 m001	MOVLW 1
000008 6E00       00043 	MOVWF t,0
00000A 6A01       00044 	CLRF  t+1,0
00000C D80A       00045 	RCALL bekle
                  00046 			;  	PORTD.0=0;
00000E 9083       00047 	BCF   PORTD,0,0
                  00048 			;    while(PORTB.0==0)
000010 B081       00049 m002	BTFSC PORTB,0,0
000012 D7F9       00050 	BRA   m001
                  00051 			;        PORTD.0=1;
000014 8083       00052 	BSF   PORTD,0,0
000016 D7FC       00053 	BRA   m002
                  00054 			;    
                  00055 			;	goto anadongu;
                  00056 			;//-----------------------------------------------	
                  00057 			;}
                  00058 			;
                  00059 			;//////////////////////////////////////////////////////////////////////////////////////////////////
                  00060 			;
CC8E Version 1.3B,   File: uyg8.c               9. Dec 2010   4:00   Page 2

ADDR   CODE       LINE  SOURCE

                  00061 			;void ayarlar()	// Bütün baþlangýç ayarlarýnýn tamamlandýðý kýsým
                  00062 			;{	
                  00063 ayarlar
                  00064 			;	GIE=0;			// Bütün kesmeleri kapat
000018 9EF2       00065 	BCF   0xFF2,GIE,0
                  00066 			;	TRISB=0xFF;		// B portu giriþ yapýldý
00001A 6893       00067 	SETF  TRISB,0
                  00068 			;	TRISD=0;		// D portu çýkýþ yapýldý
00001C 6A95       00069 	CLRF  TRISD,0
                  00070 			;		
                  00071 			;	PORTD=0;		// D portu çýkýþlarý sýfýrlandý
00001E 6A83       00072 	CLRF  PORTD,0
                  00073 			;
                  00074 			;	
                  00075 			;	
                  00076 			;}
000020 0012       00077 	RETURN
                  00078 			;
                  00079 			;//////////////////////////////////////////////////////////////////////////////////////////////////
                  00080 			;
                  00081 			;void bekle(unsigned long t)	//t milisaniye gecikme saðlar
                  00082 			;{
                  00083 bekle
                  00084 			;	unsigned x;
                  00085 			;	
                  00086 			;	for(;t>0;t--)
000022 5000       00087 m003	MOVF  t,W,0
000024 1001       00088 	IORWF t+1,W,0
000026 E00B       00089 	BZ    m006
                  00090 			;		for(x=140;x>0;x--)
000028 0E8C       00091 	MOVLW 140
00002A 6E02       00092 	MOVWF x,0
00002C 5202       00093 m004	MOVF  x,1,0
00002E E003       00094 	BZ    m005
                  00095 			;			nop();
000030 0000       00096 	NOP  
000032 0602       00097 	DECF  x,1,0
000034 D7FB       00098 	BRA   m004
000036 0600       00099 m005	DECF  t,1,0
000038 0E00       00100 	MOVLW 0
00003A 5A01       00101 	SUBWFB t+1,1,0
00003C D7F2       00102 	BRA   m003
                  00103 			;}
00003E 0012       00104 m006	RETURN
                  00105 
                  00106 	END
                  00107 
                  00108 
                  00109 ; *** KEY INFO ***
                  00110 
                  00111 ; 0x000018    5 word(s)  0 % : ayarlar
                  00112 ; 0x000022   15 word(s)  0 % : bekle
                  00113 ; 0x000004   10 word(s)  0 % : main
                  00114 
                  00115 ; RAM usage: 3 bytes (3 local), 1533 bytes free
                  00116 ; Maximum call level: 1
                  00117 ; Total of 32 code words (0 %)
